<!DOCTYPE html PUBLIC "-//W3C//DTD XHTML 1.0 Transitional//EN" "http://www.w3.org/TR/xhtml1/DTD/xhtml1-transitional.dtd">
<html xmlns="http://www.w3.org/1999/xhtml" xml:lang="en" lang="en">
<!--
______  _______               ______                _____        
___  / / /___(_)___   _______ ___  /______ _______ ____(_)_______
__  /_/ / __  / __ | / /_  _ \__  / _  __ \__  __ `/__  / _  ___/
_  __  /  _  /  __ |/ / /  __/_  /  / /_/ /_  /_/ / _  /  / /__  
/_/ /_/   /_/   _____/  \___/ /_/   \____/ _\__, /  /_/   \___/  
                                           /____/                
-->

<head>
	<meta http-equiv="content-type" content="text/html;charset=UTF-8">
	<title>Enkoder</title>                                        
	<meta name="description" content="Hivelogic is tech, code, design, and geekery, written by your Internet Pal, Dan Benjamin.">
	<meta name="keywords" content="hivelogic, dan, benjamin, hivelogic, danbenjamin">
	<meta name="author" content="Dan Benjamin">
	<meta name="copyright" content="Copyright (c) 2000-2011 Dan Benjamin">
	<link rel="alternate" type="application/rss+xml" title="Hivelogic RSS Feed" href="http://feeds.feedburner.com/hivelogic">
	<link rel="apple-touch-icon" href="/apple-touch-icon.png">
	<link href="/stylesheets/styles.css" media="screen, projection" rel="stylesheet" type="text/css">
	<script type="text/javascript" src="http://use.typekit.com/zrq6xaf.js"></script>
	<script type="text/javascript">try{Typekit.load();}catch(e){}</script>
</head>

<body>
	
<div id="header" class="box">
	<a href="/" title="Hivelogic"><img src="/images/hivelogic.png" height="60" width="395" alt="Hivelogic"></a>
</div>

<div id="main" class="box">

	<div id="content">


<h2>The Enkoder Form</h2>
	<p>Posting your email address on a website is a sure-fire way to get an inbox full of Spam. The Enkoder helps protect email addresses by converting them into encrypted JavaScript code so only real people using real browsers will see them.</p>


<!--
"@0: 100 ^ 19 = 119"
-->

<!--
"@1: 111 ^ 20 = 123"
-->

<!--
"@2: 99 ^ 21 = 118"
-->

<!--
"@3: 117 ^ 22 = 99"
-->

<!--
"@4: 109 ^ 23 = 122"
-->

<!--
"@5: 101 ^ 24 = 125"
-->

<!--
"@6: 110 ^ 25 = 119"
-->

<!--
"@7: 116 ^ 26 = 110"
-->

<!--
"@8: 46 ^ 27 = 53"
-->

<!--
"@9: 119 ^ 28 = 107"
-->

<!--
"@10: 114 ^ 29 = 111"
-->

<!--
"@11: 105 ^ 30 = 119"
-->

<!--
"@12: 116 ^ 31 = 107"
-->

<!--
"@13: 101 ^ 32 = 69"
-->

<!--
"@14: 108 ^ 33 = 77"
-->

<!--
"@15: 110 ^ 34 = 76"
-->

<!--
"@16: 40 ^ 35 = 11"
-->

<!--
"@17: 34 ^ 36 = 6"
-->

<!--
"@18: 106 ^ 37 = 79"
-->

<!--
"@19: 117 ^ 57 = 76"
-->

<!--
"@20: 110 ^ 58 = 84"
-->

<!--
"@21: 107 ^ 59 = 80"
-->

<!--
"@22: 64 ^ 60 = 124"
-->

<!--
"@23: 119 ^ 61 = 74"
-->

<!--
"@24: 97 ^ 62 = 95"
-->

<!--
"@25: 116 ^ 63 = 75"
-->

<!--
"@26: 101 ^ 64 = 37"
-->

<!--
"@27: 114 ^ 65 = 51"
-->

<!--
"@28: 119 ^ 66 = 53"
-->

<!--
"@29: 97 ^ 67 = 34"
-->

<!--
"@30: 115 ^ 68 = 55"
-->

<!--
"@31: 104 ^ 69 = 45"
-->

<!--
"@32: 46 ^ 70 = 104"
-->

<!--
"@33: 99 ^ 71 = 36"
-->

<!--
"@34: 111 ^ 72 = 39"
-->

<!--
"@35: 109 ^ 73 = 36"
-->

<!--
"@36: 34 ^ 74 = 104"
-->

<!--
"@37: 41 ^ 75 = 98"
-->

<!--
"@38: 59 ^ 76 = 119"
-->

<!--
"@39: 48 ^ 77 = 125"
-->

<!--
"@40: 59 ^ 78 = 117"
-->

<h2>The Result</h2>
<p>
Your address has been encoded successfully. Just select the text in the text-area below and paste it into the HTML of your web page where you'd like the link to appear.
</p>

<form name="result" action="" method="post">
	<textarea cols="60" rows="16"><script type="text/javascript">
//<![CDATA[
<!--
var x="function f(x){var i,o=\"\",l=x.length;for(i=l-1;i>=0;i--) {try{o+=x.c" +
"harAt(i);}catch(e){}}return o;}f(\")\\\"function f(x,y){var i,o=\\\"\\\\\\\""+
"\\\\,l=x.length;for(i=0;i<l;i++){if(i==19)y+=i;y%=127;o+=String.fromCharCod" +
"e(x.charCodeAt(i)^(y++));}return o;}f(\\\"\\\\w{vcz}wn5kowkEML\\\\\\\\013\\" +
"\\\\\\006OLTP|J_K%35\\\\\\\\\\\"\\\\7-h$'$hbw}u\\\"\\\\,19)\\\"(f};)lo,0(rt" +
"sbus.o nruter};)i(tArahc.x=+o{)--i;0=>i;1-l=i(rof}}{)e(hctac};l=+l;x=+x{yrt" +
"{)54=!)31/l(tAedoCrahc.x(elihw;lo=l,htgnel.x=lo,\\\"\\\"=o,i rav{)x(f noitc" +
"nuf\")"                                                                      ;
while(x=eval(x));
//-->
//]]>
</script>
</textarea>
</form>
<br>

<p><a href="/enkoder/form" title="Enkode another address">Start over &raquo;</a></p>


</div>

<div id="sidebar">


	<div id="nav">
		<ul>
			<li><a href="/">Home</a></li>
			<li><a href="/archive">Archive</a></li>
			<li><a href="/contact">Contact</a></li>
			<li><a href="/about">About</a></li>
		  	<li><a href="/enkoder">Enkoder</a></li>
			<li><a href="http://feeds.feedburner.com/hivelogic">RSS</a></li>
			<li><a href="http://twitter.com/danbenjamin">Twitter</a></li>
			<li><a href="https://plus.google.com/115054901319079500672/posts" title="Dan Benjamin on Google+">Google+</a></li>
		</ul>
	</div>

	<p class="mini-text">
		<a href="http://decknetwork.net/">Ads via The Deck</a>
	</p>
	<div id="the-deck">
		<script type="text/javascript">
		//<![CDATA[
		(function(id) {
		 document.write('<script type="text/javascript" src="' +
		   'http://connect.decknetwork.net/deck' + id + '_js.php?' +
		   (new Date().getTime()) + '"></' + 'script>');
		})("HL");
		//]]>
		</script>
	</div>

  <script type="text/javascript" src="http://www.authenticjobs.com/js/jobs-json-r.js"></script>
  <script type="text/javascript">
    window.onload = function() {
			str = ''
      for (var i=0; i<1; i++) {
        str += "<p>" + jobs.jobs[i].Company + " needs a <a href=\"" + jobs.jobs[i].URL + "\"> " + jobs.jobs[i].Title + "</a> in " + jobs.jobs[i].Location + "</p>";
      }        
	    document.getElementById("jobs").innerHTML = str;        
    }
  </script>

	<p class="mini-text"><a href="http://www.authenticjobs.com">Find a Job</a></p>
	<div id="authentic-jobs">
		<a href="http://www.authenticjobs.com"><img src="/images/aj-hiring.png" id="authentic-sign" height="48" width="70"></a>
		<div id="jobs"></div>
	</div>

</div>


<div id="footer">
	<p>Tech, code, design, and geekery. Copyright &copy; 2000-2012 by <a href="http://danbenjamin.com" title="Dan Benjamin">Dan Benjamin</a>. All Rights Reserved. Hosted by <a href="http://joyent.com" title="Joyent">Joyent</a>.</p>
</div>

<!-- google analytics -->
<script type="text/javascript">
var gaJsHost = (("https:" == document.location.protocol) ? "https://ssl." : "http://www.");
document.write(unescape("%3Cscript src='" + gaJsHost + "google-analytics.com/ga.js' type='text/javascript'%3E%3C/script%3E"));
</script>
<script type="text/javascript">
try {
var pageTracker = _gat._getTracker("UA-6586200-1");
pageTracker._trackPageview();
} catch(err) {}</script>
<!-- end google analytics -->


</div></body>
</html>

